# serializer version: 1
# name: test_device_info
  DeviceRegistryEntrySnapshot({
    'area_id': None,
    'config_entries': <ANY>,
    'configuration_url': None,
    'connections': set({
    }),
    'disabled_by': None,
    'entry_type': None,
    'hw_version': None,
    'id': <ANY>,
    'identifiers': set({
      tuple(
        'nyt_games',
        '218886794',
      ),
    }),
    'is_new': False,
    'labels': set({
    }),
    'manufacturer': 'New York Times',
    'model': None,
    'model_id': None,
    'name': 'NYTGames',
    'name_by_user': None,
    'primary_config_entry': <ANY>,
    'serial_number': None,
    'suggested_area': None,
    'sw_version': None,
    'via_device_id': None,
  })
# ---
